{"level":30,"time":1728233676521,"pid":20168,"hostname":"LAPTOP-R6E1RK1L","desc":"Checking if server running or not","state":"PASS","result":{"status":true,"message":"Route Working"}}
{"level":50,"time":1728233677305,"pid":20168,"hostname":"LAPTOP-R6E1RK1L","desc":"Error creating a new user","state":"PASS","result":{"status":false,"message":"duplicate key value violates unique constraint \"users_username_unique\""}}
{"level":30,"time":1728233677819,"pid":20168,"hostname":"LAPTOP-R6E1RK1L","desc":"Creating a user with a duplicate username","state":"PASS","result":{"status":false,"message":"duplicate key value violates unique constraint \"users_username_unique\""}}
{"level":50,"time":1728233680582,"pid":20168,"hostname":"LAPTOP-R6E1RK1L","desc":"Unexpected success in creating a user with a duplicate email","state":"PASS","result":{"status":false,"message":"duplicate key value violates unique constraint \"users_username_unique\""}}
{"level":30,"time":1728233681310,"pid":20168,"hostname":"LAPTOP-R6E1RK1L","desc":"Generating OTP for user","state":"PASS","result":{"status":true,"message":"OTP Sent SuccessFully","token":"eyJhbGciOiJIUzI1NiIsInR5cCI6IkpXVCJ9.eyJvdHAiOiIkMmEkMTAkNzhUOXp5TGZwcGlpaUs0bTVhYmlPdWp4QlJrQnhTbDB2TlB0Ly5aR3V5OEdvei9aWmZhZ3UiLCJlbWFpbCI6InVzZXIxQGV4YW1wbGUuY29tIiwidHlwZSI6ImFjY2VzcyIsImlhdCI6MTcyODIzMzY4MSwiZXhwIjoxNzI4MjM0NTgxfQ.3fP2-DR6exQ6ZJ5SaydDedpUjjPpWdB2a2ASA7GTK2Y"}}
{"level":30,"time":1728233681316,"pid":20168,"hostname":"LAPTOP-R6E1RK1L","desc":"Logging in with invalid email","state":"PASS","result":{"errors":{"body.email":"Invalid email"}}}
{"level":30,"time":1728233681893,"pid":20168,"hostname":"LAPTOP-R6E1RK1L","desc":"Logging in using Whatsapp otp","state":"PASS","result":{"status":true,"token":"eyJhbGciOiJIUzI1NiIsInR5cCI6IkpXVCJ9.eyJvdHAiOiIkMmEkMTAka3d4WmdrSDhVRGpKTVJyU1JReGkyT2h6Rm5PbmlQREgxaVJmZENWcFRuVFhmSXIuQU9vLjIiLCJwaG9uZSI6IjEyMzQ1Njc4IiwidHlwZSI6ImFjY2VzcyIsImlhdCI6MTcyODIzMzY4MSwiZXhwIjoxNzI4MjM0NTgxfQ.2LROSg7UhWOZjtIyApZ2J2QO0wmEGbeLx6WzRws1Q8w","message":"We have sent you an otp over whatsapp"}}
{"level":30,"time":1728233681898,"pid":20168,"hostname":"LAPTOP-R6E1RK1L","desc":"Logging in with invalid whatsapp number","state":"PASS","result":{"errors":{"body.phone":"Invalid input"}}}
{"level":30,"time":1728233681905,"pid":20168,"hostname":"LAPTOP-R6E1RK1L","desc":"Logging in with missing Whatsapp number","state":"PASS","result":{"errors":{"body.phone":"Invalid input"}}}
{"level":30,"time":1728233681911,"pid":20168,"hostname":"LAPTOP-R6E1RK1L","desc":"Logging in with invalid country code","state":"PASS","result":{"errors":{"body.countryCode":"Invalid"}}}
{"level":50,"time":1728233682216,"pid":20168,"hostname":"LAPTOP-R6E1RK1L","desc":"Unexpected error while onboarding artist with valid data","state":"PASS","result":{"status":false,"message":"duplicate key value violates unique constraint \"users_username_unique\""}}
{"level":30,"time":1728233682414,"pid":20168,"hostname":"LAPTOP-R6E1RK1L","desc":"Onboarding artist with duplicate username","state":"PASS","result":{"status":false,"message":"duplicate key value violates unique constraint \"users_username_unique\""}}
{"level":30,"time":1728233682755,"pid":20168,"hostname":"LAPTOP-R6E1RK1L","desc":"Onboarding artist with duplicate email","state":"PASS","result":{"status":false,"message":"duplicate key value violates unique constraint \"users_username_unique\""}}
{"level":30,"time":1728233682934,"pid":20168,"hostname":"LAPTOP-R6E1RK1L","desc":"Onboarding artist with duplicate phone number","state":"PASS","result":{"status":false,"message":"duplicate key value violates unique constraint \"users_username_unique\""}}
{"level":30,"time":1728233682939,"pid":20168,"hostname":"LAPTOP-R6E1RK1L","desc":"Onboarding artist with invalid phone number","state":"PASS","result":{"errors":{"body.artists.0.phone":"Invalid Phone Number"}}}
{"level":30,"time":1728233682944,"pid":20168,"hostname":"LAPTOP-R6E1RK1L","desc":"Onboarding artist with invalid date of birth","state":"PASS","result":{"errors":{"body.artists.0.dob":"Invalid input"}}}
{"level":30,"time":1728233682948,"pid":20168,"hostname":"LAPTOP-R6E1RK1L","desc":"Google login with missing code","state":"PASS","result":{"errors":{"body.code":"code is required"}}}
{"level":30,"time":1728233683368,"pid":20168,"hostname":"LAPTOP-R6E1RK1L","desc":"Google login with invalid OAuth code","state":"PASS","result":{"status":false,"message":"Error fetching email please try again"}}
{"level":30,"time":1728233683372,"pid":20168,"hostname":"LAPTOP-R6E1RK1L","desc":"Google login with query parameters","state":"PASS","result":{"errors":{"query":"query is not required"}}}
{"level":50,"time":1728233683462,"pid":20168,"hostname":"LAPTOP-R6E1RK1L","desc":"Onboarding an user who is already onboarded...","state":"PASS","result":{"status":false,"message":"YOU ARE ALREADY ONBOARDED. PLEASE try EDIT PROFILE TO UPDATE DETAILS"}}
{"level":30,"time":1728233683467,"pid":20168,"hostname":"LAPTOP-R6E1RK1L","desc":"Missing role in onboarding request","state":"PASS","result":{"errors":{"body.updateBody.role":"role is required"}}}
{"level":30,"time":1728233683472,"pid":20168,"hostname":"LAPTOP-R6E1RK1L","desc":"Invalid date format in onboarding request","state":"PASS","result":{"errors":{"body.updateBody.dob":"Invalid input"}}}
{"level":30,"time":1728233683477,"pid":20168,"hostname":"LAPTOP-R6E1RK1L","desc":"Invalid gender value in onboarding request","state":"PASS","result":{"errors":{"body.updateBody.gender":"Gender must be either 'male' or 'female'or 'nonBinary' or 'notSpecified' "}}}
{"level":30,"time":1728233683482,"pid":20168,"hostname":"LAPTOP-R6E1RK1L","desc":"Invalid avatar URL in onboarding request","state":"PASS","result":{"errors":{"body.updateBody.avatar":"Invalid URL Format"}}}
{"level":30,"time":1728233683486,"pid":20168,"hostname":"LAPTOP-R6E1RK1L","desc":"Invalid favArtists usernames in onboarding request","state":"PASS","result":{"errors":{"body.favArtists.0":"String must contain at least 4 character(s)"}}}
{"level":30,"time":1728233683489,"pid":20168,"hostname":"LAPTOP-R6E1RK1L","desc":"Missing Authorization token in onboarding request","state":"PASS"}
{"level":30,"time":1728233683494,"pid":20168,"hostname":"LAPTOP-R6E1RK1L","desc":"Empty body request in onboarding","state":"PASS","result":{"errors":{"body.updateBody":"Required"}}}
{"level":30,"time":1728233683620,"pid":20168,"hostname":"LAPTOP-R6E1RK1L","desc":"Checking for user onboarding with valid token","state":"PASS","result":{"status":true,"isOnboarded":true}}
{"level":30,"time":1728233683623,"pid":20168,"hostname":"LAPTOP-R6E1RK1L","desc":"Checking for user onboarding with invalid token","state":"PASS","result":{"status":false,"message":"UNAUTHOURIZED USER"}}
{"level":30,"time":1728233683720,"pid":20168,"hostname":"LAPTOP-R6E1RK1L","desc":"Edit profile with valid request","state":"PASS","result":{"status":true,"message":"Profile Updated Successfully","token":"eyJhbGciOiJIUzI1NiJ9.eyJ1c2VySWQiOjE1NTcsInVzZXJOYW1lIjoicm9oaXRfMTQxOCIsImlzT25ib2FyZGVkIjp0cnVlLCJ0eXBlIjoiYWNjZXNzIiwiZXhwIjoxNzI4NDkyODgzfQ.iBHpo2p3Ur51fUXDuf8K3k9pY7Nuv6Yd_dSJS8Fs8A0"}}
{"level":30,"time":1728233683725,"pid":20168,"hostname":"LAPTOP-R6E1RK1L","desc":"Missing username in edit profile request","state":"PASS","result":{"errors":{"body.updateBody.username":"userName is required"}}}
{"level":30,"time":1728233683730,"pid":20168,"hostname":"LAPTOP-R6E1RK1L","desc":"Invalid dob format in edit profile request","state":"PASS","result":{"errors":{"body.updateBody.dob":"Invalid input"}}}
{"level":30,"time":1728233683735,"pid":20168,"hostname":"LAPTOP-R6E1RK1L","desc":"Invalid phone number in edit profile request","state":"PASS","result":{"errors":{"body.updateBody.phone":"Invalid Phone Number"}}}
{"level":30,"time":1728233683740,"pid":20168,"hostname":"LAPTOP-R6E1RK1L","desc":"Invalid avatar URL in edit profile request","state":"PASS","result":{"errors":{"body.updateBody.avatar":"Invalid URL Format"}}}
{"level":30,"time":1728233683744,"pid":20168,"hostname":"LAPTOP-R6E1RK1L","desc":"Missing Authorization token in edit profile request","state":"PASS"}
{"level":30,"time":1728233683749,"pid":20168,"hostname":"LAPTOP-R6E1RK1L","desc":"Empty body request in edit profile","state":"PASS","result":{"errors":{"body.updateBody":"Required"}}}
{"level":30,"time":1728233683823,"pid":20168,"hostname":"LAPTOP-R6E1RK1L","desc":"Get user profile with valid request","state":"PASS","result":{"status":true,"message":"User Fetched Successfully","userExist":{"name":"Rohit Sahu","username":"rohit_1418","role":"fan","locality":"Central","city":"Delhi","state":"Delhi","pincode":"110001","gender":"male","description":"This is a description","socials":null,"avatar":"https://example.com/avatar.jpg","verified":false,"createdAt":"2024-10-06T14:33:23.601Z","followerCount":0,"followingCount":0,"isOnboarded":true,"email":"mohitrohitbro2040@gmail.com","phone":"0000181313","dob":"2000-08-12","coverImg":"https://example.com/cover.jpg","ownedCollectibles":[],"posts":[],"collectibles":[],"events":[]}}}
{"level":30,"time":1728233683826,"pid":20168,"hostname":"LAPTOP-R6E1RK1L","desc":"Unauthorized get user profile request (Missing token)","state":"PASS"}
{"level":30,"time":1728233683878,"pid":20168,"hostname":"LAPTOP-R6E1RK1L","desc":"Invalid username in get user profile request","state":"PASS","result":{"status":false,"message":"User not found"}}
{"level":30,"time":1728233683944,"pid":20168,"hostname":"LAPTOP-R6E1RK1L","desc":"Get user profile with no additional params","state":"PASS","result":{"status":true,"message":"User Fetched Successfully","userExist":{"name":"Rohit Sahu","username":"rohit_1418","role":"fan","locality":"Central","city":"Delhi","state":"Delhi","pincode":"110001","gender":"male","description":"This is a description","socials":null,"avatar":"https://example.com/avatar.jpg","verified":false,"createdAt":"2024-10-06T14:33:23.601Z","followerCount":0,"followingCount":0,"isOnboarded":true,"email":"mohitrohitbro2040@gmail.com","phone":"0000181313","dob":"2000-08-12","coverImg":"https://example.com/cover.jpg","ownedCollectibles":[],"posts":[],"collectibles":[],"events":[]}}}
{"level":30,"time":1728233684116,"pid":20168,"hostname":"LAPTOP-R6E1RK1L","desc":"Get user profile with valid username","state":"PASS","result":{"status":true,"message":"User Fetched Successfully","userExist":{"name":"Rohit Sahu","username":"rohit_1418","role":"fan","locality":"Central","city":"Delhi","state":"Delhi","pincode":"110001","gender":"male","description":"This is a description","socials":null,"avatar":"https://example.com/avatar.jpg","verified":false,"createdAt":"2024-10-06T14:33:23.601Z","followerCount":0,"followingCount":0,"isOnboarded":true,"email":"mohitrohitbro2040@gmail.com","phone":"0000181313","dob":"2000-08-12","coverImg":"https://example.com/cover.jpg","ownedCollectibles":[],"posts":[],"collectibles":[],"events":[]}}}
{"level":30,"time":1728233684118,"pid":20168,"hostname":"LAPTOP-R6E1RK1L","desc":"Unauthorized get user profile request with username (Missing token)","state":"PASS"}
{"level":30,"time":1728233684123,"pid":20168,"hostname":"LAPTOP-R6E1RK1L","desc":"Invalid username format in get user profile request","state":"PASS","result":{"errors":{"params.username":"Invalid UserName can only contains alphabets and _"}}}
{"level":30,"time":1728233684231,"pid":20168,"hostname":"LAPTOP-R6E1RK1L","desc":"Non-existent username in get user profile request","state":"PASS","result":{"status":false,"message":"User not found"}}
{"level":30,"time":1728233684350,"pid":20168,"hostname":"LAPTOP-R6E1RK1L","desc":"TEST 1: Following a valid user","state":"PASS","result":{"status":true,"message":"Follow Updated","currentStatus":true}}
{"level":30,"time":1728233684607,"pid":20168,"hostname":"LAPTOP-R6E1RK1L","desc":"Attempting to follow yourself","state":"PASS","result":{"status":false,"message":"You cannot follow yourself"}}
{"level":30,"time":1728233684679,"pid":20168,"hostname":"LAPTOP-R6E1RK1L","desc":"Attempting to follow a non-existent user","state":"PASS","result":{"status":false,"message":"User not found"}}
{"level":30,"time":1728233684684,"pid":20168,"hostname":"LAPTOP-R6E1RK1L","desc":"Following with an invalid username format","state":"PASS","result":{"errors":{"body.username":"Invalid UserName can only contains alphabets and _"}}}
{"level":30,"time":1728233684688,"pid":20168,"hostname":"LAPTOP-R6E1RK1L","desc":"Missing username in the request body","state":"PASS","result":{"errors":{"body.username":"Follower userName is required"}}}
{"level":30,"time":1728233685009,"pid":20168,"hostname":"LAPTOP-R6E1RK1L","desc":"Unable to find the follower","state":"PASS","result":{"status":false,"message":"Error: Invalid Request: removal of invalid follower"}}
{"level":30,"time":1728233685060,"pid":20168,"hostname":"LAPTOP-R6E1RK1L","desc":"Attempting to unfollow yourself","state":"PASS","result":{"status":false,"message":"You cannot unfollow yourself"}}
{"level":30,"time":1728233685112,"pid":20168,"hostname":"LAPTOP-R6E1RK1L","desc":"Attempting to remove a non-existent follower","state":"PASS","result":{"status":false,"message":"User not found"}}
{"level":30,"time":1728233685118,"pid":20168,"hostname":"LAPTOP-R6E1RK1L","desc":"Removing with an invalid username format","state":"PASS","result":{"errors":{"body.username":"Invalid UserName can only contains alphabets and _"}}}
{"level":30,"time":1728233685123,"pid":20168,"hostname":"LAPTOP-R6E1RK1L","desc":"Missing username in the request body","state":"PASS","result":{"errors":{"body.username":"Follower userName is required"}}}
{"level":30,"time":1728233685175,"pid":20168,"hostname":"LAPTOP-R6E1RK1L","desc":"Fetching the follower list with a valid request","state":"PASS","result":{"status":true,"message":"followers Fetched","followers":[]}}
{"level":30,"time":1728233685290,"pid":20168,"hostname":"LAPTOP-R6E1RK1L","desc":"Fetching follower list with invalid page query format","state":"PASS","result":{"status":true,"message":"followers Fetched","followers":[]}}
{"level":30,"time":1728233685345,"pid":20168,"hostname":"LAPTOP-R6E1RK1L","desc":"Fetching follower list with missing page query (default page)","state":"PASS","result":{"status":true,"message":"followers Fetched","followers":[]}}
{"level":30,"time":1728233685423,"pid":20168,"hostname":"LAPTOP-R6E1RK1L","desc":"Fetching the follower list with an empty result","state":"PASS","result":{"status":true,"message":"followers Fetched","followers":[]}}
{"level":30,"time":1728233685480,"pid":20168,"hostname":"LAPTOP-R6E1RK1L","desc":"Fetching the following list with a valid request","state":"PASS","result":{"status":true,"message":"following Fetched","following":[{"username":"rohit_123","avatar":"https://example.com/avatar.jpg","verified":false,"name":"Rohit Sahu","followStatus":true}]}}
{"level":30,"time":1728233685530,"pid":20168,"hostname":"LAPTOP-R6E1RK1L","desc":"Fetching following list with invalid page query format","state":"PASS","result":{"status":true,"message":"following Fetched","following":[{"username":"rohit_123","avatar":"https://example.com/avatar.jpg","verified":false,"name":"Rohit Sahu","followStatus":true}]}}
{"level":30,"time":1728233685582,"pid":20168,"hostname":"LAPTOP-R6E1RK1L","desc":"Fetching following list with missing page query (default page)","state":"PASS","result":{"status":true,"message":"following Fetched","following":[{"username":"rohit_123","avatar":"https://example.com/avatar.jpg","verified":false,"name":"Rohit Sahu","followStatus":true}]}}
{"level":30,"time":1728233686001,"pid":20168,"hostname":"LAPTOP-R6E1RK1L","desc":"Fetching the following list with an empty result","state":"PASS","result":{"status":true,"message":"following Fetched","following":[{"username":"rohit_123","avatar":"https://example.com/avatar.jpg","verified":false,"name":"Rohit Sahu","followStatus":true}]}}
